{
  "class_count": 11383,
  "class_file_major_versions": {
    "69": 11383
  },
  "client_root": "extracted",
  "java_source_count": 0,
  "required_port_layers": [
    "full Java 25 source generated from this bytecode",
    "Minecraft external dependency and native-library resolver",
    "Blaze3D/LWJGL-to-Godot RenderingDevice renderer replacement",
    "Godot input/audio/filesystem platform adapters",
    "Android arm64 Godot GDExtension and Android-safe assets"
  ],
  "top_level_class_packages": {
    "com": 646,
    "net": 10737
  }
}
Java source files: 7301
Original class files: 11383
