WorkerThreadPool: 4 threads, 3 max low-priority.
ERROR: Condition "!FileAccess::exists(path)" is true. Returning: ERR_FILE_NOT_FOUND
   at: open_dynamic_library (drivers/unix/os_unix.cpp:893)
ERROR: GDExtension dynamic library not found: 'res://eaglercraft.gdextension'.
   at: open_library (core/extension/gdextension.cpp:701)
ERROR: Error loading extension: 'res://eaglercraft.gdextension'.
   at: load_extensions (core/extension/gdextension_manager.cpp:291)
Godot Engine v4.4.1.stable.official.49a5bc7b6 - https://godotengine.org
TextServer: Added interface "Dummy"
TextServer: Added interface "ICU / HarfBuzz / Graphite (Built-in)"
JoypadLinux: udev enabled and loaded successfully.
Using "default" pen tablet driver...

TextServer: Primary interface set to: "ICU / HarfBuzz / Graphite (Built-in)".
CORE API HASH: 4052744068
EDITOR API HASH: 910296392
Loading resource: res://scenes/default_env.tres
Loading resource: /home/runner/.config/godot/editor_settings-4.4.tres
EditorSettings: Load OK!
EditorTheme: Generating new theme for the config '66886095'.
EditorTheme: Generating new icons.
EditorTheme: Generating new fonts.
EditorTheme: Generating new styles.
Loading resource: /home/runner/.cache/godot/editor_doc_cache-4.4.res
Loaded system CA certificates
first_scan_filesystem: begin: Project initialization steps: 5
	first_scan_filesystem: step 0: Scanning file structure...
	first_scan_filesystem: step 1: Loading global class names...
	first_scan_filesystem: step 2: Verifying GDExtensions...
ERROR: Condition "!FileAccess::exists(path)" is true. Returning: ERR_FILE_NOT_FOUND
   at: open_dynamic_library (drivers/unix/os_unix.cpp:893)
ERROR: GDExtension dynamic library not found: 'res://eaglercraft.gdextension'.
   at: open_library (core/extension/gdextension.cpp:701)
	first_scan_filesystem: step 3: Creating autoload scripts...
Loading resource: res://src/autoload/GameConstants.gd
	first_scan_filesystem: step 4: Initializing plugins...
	first_scan_filesystem: step 5: Starting file scan...
first_scan_filesystem: end
Loading resource: /home/runner/.cache/godot/editor_doc_cache-4.4.res
GDScript: Reloading all scripts
GDScript: Found: res://src/autoload/GameConstants.gd
GDScript: Reloading: res://src/autoload/GameConstants.gd
ERROR: Condition "!FileAccess::exists(path)" is true. Returning: ERR_FILE_NOT_FOUND
   at: open_dynamic_library (drivers/unix/os_unix.cpp:893)
ERROR: GDExtension dynamic library not found: 'res://eaglercraft.gdextension'.
   at: open_library (core/extension/gdextension.cpp:701)
Loading resource: /home/runner/.cache/godot/editor_doc_cache-4.4.res
ERROR: Cannot export project with preset "Android" due to configuration errors:
"Min SDK" can only be overridden when "Use Gradle Build" is enabled.
"Target SDK" can only be overridden when "Use Gradle Build" is enabled.
"Min SDK" should be greater or equal to 24 for the "mobile" renderer.

   at: _fs_changed (editor/editor_node.cpp:1087)
ERROR: Project export for preset "Android" failed.
   at: _fs_changed (editor/editor_node.cpp:1103)
loading_editor_layout: begin: Loading editor steps: 5
	loading_editor_layout: step 0: Loading editor layout...
loading_editor_layout: end
GDScript: Reloading all scripts
GDScript: Found: res://src/autoload/GameConstants.gd
GDScript: Reloading: res://src/autoload/GameConstants.gd
cannot connect to daemon at tcp:5037: Connection refused
EditorSettings: Save OK!
XR: Clearing primary interface
XR: Removed interface "Native mobile"
XR: Removed interface "OpenXR"
Orphan StringName: Node (static: 5, total: 6)
StringName: 1 unclaimed string names at exit.
Exit code: 1
=== BUILD FOLDER ===
total 4.0K
-rw-r--r-- 1 runner runner 3.6K Sep 19 20:38 godot_export.log
=== ANDROID FOLDER ===
ls: cannot access 'android/': No such file or directory
total 4.0K
-rw-r--r-- 1 runner runner 3.7K Sep 19 20:38 godot_export.log
❌ No APK - trying direct export
WorkerThreadPool: 4 threads, 3 max low-priority.
ERROR: Condition "!FileAccess::exists(path)" is true. Returning: ERR_FILE_NOT_FOUND
   at: open_dynamic_library (drivers/unix/os_unix.cpp:893)
ERROR: GDExtension dynamic library not found: 'res://eaglercraft.gdextension'.
   at: open_library (core/extension/gdextension.cpp:701)
ERROR: Error loading extension: 'res://eaglercraft.gdextension'.
   at: load_extensions (core/extension/gdextension_manager.cpp:291)
Godot Engine v4.4.1.stable.official.49a5bc7b6 - https://godotengine.org
TextServer: Added interface "Dummy"
TextServer: Added interface "ICU / HarfBuzz / Graphite (Built-in)"
JoypadLinux: udev enabled and loaded successfully.
Using "default" pen tablet driver...

TextServer: Primary interface set to: "ICU / HarfBuzz / Graphite (Built-in)".
CORE API HASH: 4052744068
EDITOR API HASH: 910296392
Loading resource: res://scenes/default_env.tres
Loading resource: /home/runner/.config/godot/editor_settings-4.4.tres
EditorSettings: Load OK!
EditorTheme: Generating new theme for the config '66886095'.
EditorTheme: Generating new icons.
EditorTheme: Generating new fonts.
EditorTheme: Generating new styles.
Loading resource: /home/runner/.cache/godot/editor_doc_cache-4.4.res
Loaded system CA certificates
first_scan_filesystem: begin: Project initialization steps: 5
	first_scan_filesystem: step 0: Scanning file structure...
	first_scan_filesystem: step 1: Loading global class names...
	first_scan_filesystem: step 2: Verifying GDExtensions...
ERROR: Condition "!FileAccess::exists(path)" is true. Returning: ERR_FILE_NOT_FOUND
   at: open_dynamic_library (drivers/unix/os_unix.cpp:893)
ERROR: GDExtension dynamic library not found: 'res://eaglercraft.gdextension'.
   at: open_library (core/extension/gdextension.cpp:701)
	first_scan_filesystem: step 3: Creating autoload scripts...
Loading resource: res://src/autoload/GameConstants.gd
	first_scan_filesystem: step 4: Initializing plugins...
	first_scan_filesystem: step 5: Starting file scan...
first_scan_filesystem: end
Loading resource: /home/runner/.cache/godot/editor_doc_cache-4.4.res
GDScript: Reloading all scripts
GDScript: Found: res://src/autoload/GameConstants.gd
GDScript: Reloading: res://src/autoload/GameConstants.gd
ERROR: Condition "!FileAccess::exists(path)" is true. Returning: ERR_FILE_NOT_FOUND
   at: open_dynamic_library (drivers/unix/os_unix.cpp:893)
ERROR: GDExtension dynamic library not found: 'res://eaglercraft.gdextension'.
   at: open_library (core/extension/gdextension.cpp:701)
Loading resource: /home/runner/.cache/godot/editor_doc_cache-4.4.res
ERROR: Cannot export project with preset "Android" due to configuration errors:
"Export AAB" is only valid when "Use Gradle Build" is enabled.

   at: _fs_changed (editor/editor_node.cpp:1087)
ERROR: Project export for preset "Android" failed.
   at: _fs_changed (editor/editor_node.cpp:1103)
loading_editor_layout: begin: Loading editor steps: 5
	loading_editor_layout: step 0: Loading editor layout...
loading_editor_layout: end
GDScript: Reloading all scripts
GDScript: Found: res://src/autoload/GameConstants.gd
GDScript: Reloading: res://src/autoload/GameConstants.gd
cannot connect to daemon at tcp:5037: Connection refused
EditorSettings: Save OK!
XR: Clearing primary interface
XR: Removed interface "Native mobile"
XR: Removed interface "OpenXR"
Orphan StringName: Node (static: 5, total: 6)
StringName: 1 unclaimed string names at exit.
total 8.0K
-rw-r--r-- 1 runner runner 7.2K Sep 19 20:38 godot_export.log
❌ FINAL: No APK built
